// Jest Snapshot v1, https://goo.gl/fbAQLP

exports[`should report stats only once by default 1`] = `
"● Compiling...
✔ Compilation succeeded (10ms)

     CLIENT                             
    ━━━━━━━━━━━━━━━━━━━━━━━━━━━━━━━━━━━
    Asset Size Chunks Chunk Names
    client.js  x.xx kB       0  [emitted]  main

     SERVER                             
    ━━━━━━━━━━━━━━━━━━━━━━━━━━━━━━━━━━━
    Asset Size Chunks Chunk Names
    server.js  x.xx kB       0  [emitted]  main

● Compiling...
✔ Compilation succeeded (10ms)
"
`;
