// Jest Snapshot v1, https://goo.gl/fbAQLP

exports[`should report stats only once by default 1`] = `
"● Compiling...
✔ Compilation succeeded (xxx)

     CLIENT                             
    ━━━━━━━━━━━━━━━━━━━━━━━━━━━━━━━━━━━
    Asset Size Chunks Chunk Names
    client.js  xxx

     SERVER                             
    ━━━━━━━━━━━━━━━━━━━━━━━━━━━━━━━━━━━
    Asset Size Chunks Chunk Names
    server.js  xxx

● Compiling...
✔ Compilation succeeded (xxx)
"
`;
